+utility\apputil.obj &
+utility\array.obj &
+utility\border.obj &
+utility\clipline.obj &
+utility\compose.obj &
+utility\control.obj &
+utility\deleting.obj &
+utility\dispatch.obj &
+utility\drawimg.obj &
+utility\drawing.obj &
+utility\drawtext.obj &
+utility\image.obj &
+utility\imglist.obj &
+utility\fontutil.obj &
+utility\malloc.obj &
+utility\palette.obj &
+utility\point.obj &
+utility\rect.obj &
+utility\region.obj &
+utility\resource.obj &
+utility\rgb.obj &
+utility\str.obj &
+utility\strtable.obj &
+utility\utf8.obj &
+utility\utf8regx.obj &
+utility\winutil.obj &
+gui\button.obj &
+gui\checkbox.obj &
+gui\cursors.obj &
+gui\dialog.obj &
+gui\dropfld.obj &
+gui\droplist.obj &
+gui\field.obj &
+gui\imagebtn.obj &
+gui\imgcheck.obj &
+gui\imglabel.obj &
+gui\label.obj &
+gui\listbox.obj &
+gui\manager.obj &
+gui\menu.obj &
+gui\notebtn.obj &
+gui\passfld.obj &
+gui\radiobtn.obj &
+gui\scroll.obj &
+gui\separat.obj &
+gui\splitter.obj &
+gui\tabbtn.obj &
+gui\textbox.obj &
+gui\textundo.obj &
+gui\tip.obj &
+imgfmt\imgread.obj &
+imgfmt\imgwrite.obj &
+imgfmt\readgif.obj &
+imgfmt\writegif.obj &
+imgfmt\readh.obj &
+imgfmt\writeh.obj &
+imgfmt\readjpg.obj &
+imgfmt\writejpg.obj &
+imgfmt\readpng.obj &
+imgfmt\writepng.obj &
+win32\bmap.obj &
+win32\bmapimg.obj &
+win32\clipbrd.obj &
+win32\cursor.obj &
+win32\drawbmap.obj &
+win32\drawwin.obj &
+win32\event.obj &
+win32\folder.obj &
+win32\font.obj &
+win32\graphics.obj &
+win32\init.obj &
+win32\timer.obj &
+win32\win.obj &
+libgif\gif.obj &
+libjpeg\jcapimin.obj &
+libjpeg\jcapistd.obj &
+libjpeg\jccoefct.obj &
+libjpeg\jccolor.obj &
+libjpeg\jcdctmgr.obj &
+libjpeg\jchuff.obj &
+libjpeg\jcinit.obj &
+libjpeg\jcmainct.obj &
+libjpeg\jcmarker.obj &
+libjpeg\jcmaster.obj &
+libjpeg\jcomapi.obj &
+libjpeg\jcparam.obj &
+libjpeg\jcphuff.obj &
+libjpeg\jcprepct.obj &
+libjpeg\jcsample.obj &
+libjpeg\jctrans.obj &
+libjpeg\jdapimin.obj &
+libjpeg\jdapistd.obj &
+libjpeg\jdatadst.obj &
+libjpeg\jdatasrc.obj &
+libjpeg\jdcoefct.obj &
+libjpeg\jdcolor.obj &
+libjpeg\jddctmgr.obj &
+libjpeg\jdhuff.obj &
+libjpeg\jdinput.obj &
+libjpeg\jdmainct.obj &
+libjpeg\jdmarker.obj &
+libjpeg\jdmaster.obj &
+libjpeg\jdmerge.obj &
+libjpeg\jdphuff.obj &
+libjpeg\jdpostct.obj &
+libjpeg\jdsample.obj &
+libjpeg\jdtrans.obj &
+libjpeg\jerror.obj &
+libjpeg\jfdctflt.obj &
+libjpeg\jfdctfst.obj &
+libjpeg\jfdctint.obj &
+libjpeg\jidctflt.obj &
+libjpeg\jidctfst.obj &
+libjpeg\jidctint.obj &
+libjpeg\jidctred.obj &
+libjpeg\jmemmgr.obj &
+libjpeg\jmemnobs.obj &
+libjpeg\jquant1.obj &
+libjpeg\jquant2.obj &
+libjpeg\jutils.obj &
+libpng\png.obj &
+libpng\pngerror.obj &
+libpng\pngget.obj &
+libpng\pngmem.obj &
+libpng\pngpread.obj &
+libpng\pngread.obj &
+libpng\pngrio.obj &
+libpng\pngrtran.obj &
+libpng\pngrutil.obj &
+libpng\pngset.obj &
+libpng\pngtrans.obj &
+libpng\pngwio.obj &
+libpng\pngwrite.obj &
+libpng\pngwtran.obj &
+libpng\pngwutil.obj &
+libz\adler32.obj &
+libz\compress.obj &
+libz\crc32.obj &
+libz\deflate.obj &
+libz\infback.obj &
+libz\inffast.obj &
+libz\inflate.obj &
+libz\inftrees.obj &
+libz\trees.obj &
+libz\uncompr.obj &
+libz\zutil.obj
